server/_core/dataApi.ts(20,12): error TS2339: Property 'forgeApiUrl' does not exist on type '{ appId: string; cookieSecret: string; databaseUrl: string; oAuthServerUrl: string; ownerOpenId: string; isProduction: boolean; adminPassword: string; groqApiKey: string; googleApiKey: string; preferredAiProvider: "google" | "groq"; }'.
server/_core/dataApi.ts(23,12): error TS2339: Property 'forgeApiKey' does not exist on type '{ appId: string; cookieSecret: string; databaseUrl: string; oAuthServerUrl: string; ownerOpenId: string; isProduction: boolean; adminPassword: string; groqApiKey: string; googleApiKey: string; preferredAiProvider: "google" | "groq"; }'.
server/_core/dataApi.ts(28,23): error TS2339: Property 'forgeApiUrl' does not exist on type '{ appId: string; cookieSecret: string; databaseUrl: string; oAuthServerUrl: string; ownerOpenId: string; isProduction: boolean; adminPassword: string; groqApiKey: string; googleApiKey: string; preferredAiProvider: "google" | "groq"; }'.
server/_core/dataApi.ts(28,55): error TS2339: Property 'forgeApiUrl' does not exist on type '{ appId: string; cookieSecret: string; databaseUrl: string; oAuthServerUrl: string; ownerOpenId: string; isProduction: boolean; adminPassword: string; groqApiKey: string; googleApiKey: string; preferredAiProvider: "google" | "groq"; }'.
server/_core/dataApi.ts(28,76): error TS2339: Property 'forgeApiUrl' does not exist on type '{ appId: string; cookieSecret: string; databaseUrl: string; oAuthServerUrl: string; ownerOpenId: string; isProduction: boolean; adminPassword: string; groqApiKey: string; googleApiKey: string; preferredAiProvider: "google" | "groq"; }'.
server/_core/dataApi.ts(37,36): error TS2339: Property 'forgeApiKey' does not exist on type '{ appId: string; cookieSecret: string; databaseUrl: string; oAuthServerUrl: string; ownerOpenId: string; isProduction: boolean; adminPassword: string; groqApiKey: string; googleApiKey: string; preferredAiProvider: "google" | "groq"; }'.
server/_core/imageGeneration.ts(37,12): error TS2339: Property 'forgeApiUrl' does not exist on type '{ appId: string; cookieSecret: string; databaseUrl: string; oAuthServerUrl: string; ownerOpenId: string; isProduction: boolean; adminPassword: string; groqApiKey: string; googleApiKey: string; preferredAiProvider: "google" | "groq"; }'.
server/_core/imageGeneration.ts(40,12): error TS2339: Property 'forgeApiKey' does not exist on type '{ appId: string; cookieSecret: string; databaseUrl: string; oAuthServerUrl: string; ownerOpenId: string; isProduction: boolean; adminPassword: string; groqApiKey: string; googleApiKey: string; preferredAiProvider: "google" | "groq"; }'.
server/_core/imageGeneration.ts(45,23): error TS2339: Property 'forgeApiUrl' does not exist on type '{ appId: string; cookieSecret: string; databaseUrl: string; oAuthServerUrl: string; ownerOpenId: string; isProduction: boolean; adminPassword: string; groqApiKey: string; googleApiKey: string; preferredAiProvider: "google" | "groq"; }'.
server/_core/imageGeneration.ts(46,11): error TS2339: Property 'forgeApiUrl' does not exist on type '{ appId: string; cookieSecret: string; databaseUrl: string; oAuthServerUrl: string; ownerOpenId: string; isProduction: boolean; adminPassword: string; groqApiKey: string; googleApiKey: string; preferredAiProvider: "google" | "groq"; }'.
server/_core/imageGeneration.ts(47,14): error TS2339: Property 'forgeApiUrl' does not exist on type '{ appId: string; cookieSecret: string; databaseUrl: string; oAuthServerUrl: string; ownerOpenId: string; isProduction: boolean; adminPassword: string; groqApiKey: string; googleApiKey: string; preferredAiProvider: "google" | "groq"; }'.
server/_core/imageGeneration.ts(59,36): error TS2339: Property 'forgeApiKey' does not exist on type '{ appId: string; cookieSecret: string; databaseUrl: string; oAuthServerUrl: string; ownerOpenId: string; isProduction: boolean; adminPassword: string; groqApiKey: string; googleApiKey: string; preferredAiProvider: "google" | "groq"; }'.
server/_core/map.ts(22,23): error TS2339: Property 'forgeApiUrl' does not exist on type '{ appId: string; cookieSecret: string; databaseUrl: string; oAuthServerUrl: string; ownerOpenId: string; isProduction: boolean; adminPassword: string; groqApiKey: string; googleApiKey: string; preferredAiProvider: "google" | "groq"; }'.
server/_core/map.ts(23,22): error TS2339: Property 'forgeApiKey' does not exist on type '{ appId: string; cookieSecret: string; databaseUrl: string; oAuthServerUrl: string; ownerOpenId: string; isProduction: boolean; adminPassword: string; groqApiKey: string; googleApiKey: string; preferredAiProvider: "google" | "groq"; }'.
server/_core/notification.ts(71,12): error TS2339: Property 'forgeApiUrl' does not exist on type '{ appId: string; cookieSecret: string; databaseUrl: string; oAuthServerUrl: string; ownerOpenId: string; isProduction: boolean; adminPassword: string; groqApiKey: string; googleApiKey: string; preferredAiProvider: "google" | "groq"; }'.
server/_core/notification.ts(78,12): error TS2339: Property 'forgeApiKey' does not exist on type '{ appId: string; cookieSecret: string; databaseUrl: string; oAuthServerUrl: string; ownerOpenId: string; isProduction: boolean; adminPassword: string; groqApiKey: string; googleApiKey: string; preferredAiProvider: "google" | "groq"; }'.
server/_core/notification.ts(85,41): error TS2339: Property 'forgeApiUrl' does not exist on type '{ appId: string; cookieSecret: string; databaseUrl: string; oAuthServerUrl: string; ownerOpenId: string; isProduction: boolean; adminPassword: string; groqApiKey: string; googleApiKey: string; preferredAiProvider: "google" | "groq"; }'.
server/_core/notification.ts(92,38): error TS2339: Property 'forgeApiKey' does not exist on type '{ appId: string; cookieSecret: string; databaseUrl: string; oAuthServerUrl: string; ownerOpenId: string; isProduction: boolean; adminPassword: string; groqApiKey: string; googleApiKey: string; preferredAiProvider: "google" | "groq"; }'.
server/_core/voiceTranscription.ts(78,14): error TS2339: Property 'forgeApiUrl' does not exist on type '{ appId: string; cookieSecret: string; databaseUrl: string; oAuthServerUrl: string; ownerOpenId: string; isProduction: boolean; adminPassword: string; groqApiKey: string; googleApiKey: string; preferredAiProvider: "google" | "groq"; }'.
server/_core/voiceTranscription.ts(85,14): error TS2339: Property 'forgeApiKey' does not exist on type '{ appId: string; cookieSecret: string; databaseUrl: string; oAuthServerUrl: string; ownerOpenId: string; isProduction: boolean; adminPassword: string; groqApiKey: string; googleApiKey: string; preferredAiProvider: "google" | "groq"; }'.
server/_core/voiceTranscription.ts(146,25): error TS2339: Property 'forgeApiUrl' does not exist on type '{ appId: string; cookieSecret: string; databaseUrl: string; oAuthServerUrl: string; ownerOpenId: string; isProduction: boolean; adminPassword: string; groqApiKey: string; googleApiKey: string; preferredAiProvider: "google" | "groq"; }'.
server/_core/voiceTranscription.ts(147,13): error TS2339: Property 'forgeApiUrl' does not exist on type '{ appId: string; cookieSecret: string; databaseUrl: string; oAuthServerUrl: string; ownerOpenId: string; isProduction: boolean; adminPassword: string; groqApiKey: string; googleApiKey: string; preferredAiProvider: "google" | "groq"; }'.
server/_core/voiceTranscription.ts(148,16): error TS2339: Property 'forgeApiUrl' does not exist on type '{ appId: string; cookieSecret: string; databaseUrl: string; oAuthServerUrl: string; ownerOpenId: string; isProduction: boolean; adminPassword: string; groqApiKey: string; googleApiKey: string; preferredAiProvider: "google" | "groq"; }'.
server/_core/voiceTranscription.ts(158,38): error TS2339: Property 'forgeApiKey' does not exist on type '{ appId: string; cookieSecret: string; databaseUrl: string; oAuthServerUrl: string; ownerOpenId: string; isProduction: boolean; adminPassword: string; groqApiKey: string; googleApiKey: string; preferredAiProvider: "google" | "groq"; }'.
